2025-04-11 12:16:21,100 - ThreadPoolExecutor-1_0 - sqlmesh.core.snapshot.evaluator - INFO - Listing data objects in schema jaffle_shop.sqlmesh__staging (evaluator.py:323)
2025-04-11 12:16:21,100 - ThreadPoolExecutor-1_1 - sqlmesh.core.snapshot.evaluator - INFO - Listing data objects in schema jaffle_shop.sqlmesh__marts (evaluator.py:323)
2025-04-11 12:16:21,100 - ThreadPoolExecutor-1_2 - sqlmesh.core.snapshot.evaluator - INFO - Listing data objects in schema jaffle_shop.sqlmesh__raw (evaluator.py:323)
2025-04-11 12:16:21,126 - ThreadPoolExecutor-1_0 - sqlmesh.core.engine_adapter.base - INFO - Executing SQL: SELECT current_catalog (base.py:2113)
2025-04-11 12:16:21,146 - ThreadPoolExecutor-1_1 - sqlmesh.core.engine_adapter.base - INFO - Executing SQL: SELECT current_catalog (base.py:2113)
2025-04-11 12:16:21,164 - ThreadPoolExecutor-1_2 - sqlmesh.core.engine_adapter.base - INFO - Executing SQL: SELECT current_catalog (base.py:2113)
2025-04-11 12:16:21,187 - MainThread - sqlmesh.core.state_sync.db.facade - INFO - Promoting environment 'prod' (facade.py:171)
2025-04-11 12:16:21,206 - MainThread - sqlmesh.core.state_sync.db.snapshot - INFO - Unpausing snapshot SnapshotId<"jaffle_shop"."marts"."customers": 3440577917> (snapshot.py:144)
2025-04-11 12:16:21,207 - MainThread - sqlmesh.core.state_sync.db.snapshot - INFO - Unpausing snapshot SnapshotId<"jaffle_shop"."marts"."orders": 2462974889> (snapshot.py:144)
2025-04-11 12:16:21,207 - MainThread - sqlmesh.core.state_sync.db.snapshot - INFO - Unpausing snapshot SnapshotId<"jaffle_shop"."marts"."order_items": 3739333152> (snapshot.py:144)
2025-04-11 12:16:21,207 - MainThread - sqlmesh.core.state_sync.db.snapshot - INFO - Pausing snapshot SnapshotId<"jaffle_shop"."marts"."customers": 3077483331> (snapshot.py:173)
2025-04-11 12:16:21,213 - MainThread - sqlmesh.core.snapshot.evaluator - INFO - Creating schema 'jaffle_shop.marts' (evaluator.py:1070)
2025-04-11 12:16:21,227 - MainThread - sqlmesh.core.engine_adapter.base - INFO - Executing SQL: CREATE SCHEMA IF NOT EXISTS "marts" (base.py:2113)
2025-04-11 12:16:21,229 - ThreadPoolExecutor-3_0 - sqlmesh.core.snapshot.evaluator - INFO - Updating view 'jaffle_shop.marts.order_items' to point at table 'jaffle_shop.sqlmesh__marts.marts__order_items__4201012444' (evaluator.py:1377)
2025-04-11 12:16:21,242 - ThreadPoolExecutor-3_0 - sqlmesh.core.engine_adapter.base - INFO - Executing SQL: DROP VIEW IF EXISTS "marts"."order_items" CASCADE (base.py:2113)
2025-04-11 12:16:21,246 - ThreadPoolExecutor-3_0 - sqlmesh.core.engine_adapter.base - INFO - Executing SQL: CREATE VIEW "marts"."order_items" AS SELECT * FROM "jaffle_shop"."sqlmesh__marts"."marts__order_items__4201012444" (base.py:2113)
2025-04-11 12:16:21,249 - ThreadPoolExecutor-3_0 - sqlmesh.core.engine_adapter.base - INFO - Executing SQL: COMMENT ON VIEW "marts"."order_items" IS 'Items contained in each order. The grain of the table is one row per order item' (base.py:2113)
2025-04-11 12:16:21,252 - ThreadPoolExecutor-3_1 - sqlmesh.core.snapshot.evaluator - INFO - Updating view 'jaffle_shop.marts.orders' to point at table 'jaffle_shop.sqlmesh__marts.marts__orders__2407527982' (evaluator.py:1377)
2025-04-11 12:16:21,265 - ThreadPoolExecutor-3_1 - sqlmesh.core.engine_adapter.base - INFO - Executing SQL: DROP VIEW IF EXISTS "marts"."orders" CASCADE (base.py:2113)
2025-04-11 12:16:21,269 - ThreadPoolExecutor-3_1 - sqlmesh.core.engine_adapter.base - INFO - Executing SQL: CREATE VIEW "marts"."orders" AS SELECT * FROM "jaffle_shop"."sqlmesh__marts"."marts__orders__2407527982" (base.py:2113)
2025-04-11 12:16:21,271 - ThreadPoolExecutor-3_1 - sqlmesh.core.engine_adapter.base - INFO - Executing SQL: COMMENT ON VIEW "marts"."orders" IS 'Order overview data mart, offering key details for each order including if it is a customer''s first order and a food vs. drink item breakdown. One row per order' (base.py:2113)
2025-04-11 12:16:21,274 - ThreadPoolExecutor-3_1 - sqlmesh.core.snapshot.evaluator - INFO - Updating view 'jaffle_shop.marts.customers' to point at table 'jaffle_shop.sqlmesh__marts.marts__customers__3005130245' (evaluator.py:1377)
2025-04-11 12:16:21,275 - ThreadPoolExecutor-3_1 - sqlmesh.core.engine_adapter.base - INFO - Executing SQL: DROP VIEW IF EXISTS "marts"."customers" CASCADE (base.py:2113)
2025-04-11 12:16:21,276 - ThreadPoolExecutor-3_1 - sqlmesh.core.engine_adapter.base - INFO - Executing SQL: CREATE VIEW "marts"."customers" AS SELECT * FROM "jaffle_shop"."sqlmesh__marts"."marts__customers__3005130245" (base.py:2113)
2025-04-11 12:16:21,277 - ThreadPoolExecutor-3_1 - sqlmesh.core.engine_adapter.base - INFO - Executing SQL: COMMENT ON VIEW "marts"."customers" IS 'Customer overview data mart, offering key details for each unique customer. One row per customer' (base.py:2113)
2025-04-11 12:16:21,280 - MainThread - sqlmesh.core.state_sync.db.environment - INFO - Finalizing environment 'prod' (environment.py:135)
2025-04-11 12:16:21,285 - MainThread - root - INFO - Shutting down the event dispatcher (dispatcher.py:159)
